===== ANALYST laguna 2026-09-03 17:33:15 UTC =====
[91m[1mError: [0m{
  "name": "UnknownError",
  "data": {
    "message": "Unexpected server error. Check server logs for details.",
    "ref": "err_98213369"
  }
}
===== ANALYST laguna 2026-09-03 20:03:02 UTC =====
[91m[1mError: [0m{
  "name": "UnknownError",
  "data": {
    "message": "Unexpected server error. Check server logs for details.",
    "ref": "err_50bf4559"
  }
}
===== ANALYST laguna 2026-09-03 22:32:24 UTC =====
[91m[1mError: [0m{
  "name": "UnknownError",
  "data": {
    "message": "Unexpected server error. Check server logs for details.",
    "ref": "err_a52600db"
  }
}
===== ANALYST laguna 2026-09-04 00:40:48 UTC =====
[91m[1mError: [0m{
  "name": "UnknownError",
  "data": {
    "message": "Unexpected server error. Check server logs for details.",
    "ref": "err_7d34e654"
  }
}
===== ANALYST laguna 2026-09-04 05:17:20 UTC =====
[91m[1mError: [0m{
  "name": "UnknownError",
  "data": {
    "message": "Unexpected server error. Check server logs for details.",
    "ref": "err_7329ccac"
  }
}
===== ANALYST laguna 2026-09-04 09:50:34 UTC =====
[91m[1mError: [0m{
  "name": "UnknownError",
  "data": {
    "message": "Unexpected server error. Check server logs for details.",
    "ref": "err_fcd48844"
  }
}
===== ANALYST laguna 2026-09-04 14:17:33 UTC =====
[91m[1mError: [0m{
  "name": "UnknownError",
  "data": {
    "message": "Unexpected server error. Check server logs for details.",
    "ref": "err_cb4bf4f4"
  }
}
===== ANALYST laguna 2026-09-04 17:50:53 UTC =====
[91m[1mError: [0m{
  "name": "UnknownError",
  "data": {
    "message": "Unexpected server error. Check server logs for details.",
    "ref": "err_574ecc3f"
  }
}
===== ANALYST laguna 2026-09-04 20:10:34 UTC =====
[91m[1mError: [0m{
  "name": "UnknownError",
  "data": {
    "message": "Unexpected server error. Check server logs for details.",
    "ref": "err_76e359f1"
  }
}
===== ANALYST laguna 2026-09-04 22:19:45 UTC =====
[91m[1mError: [0m{
  "name": "UnknownError",
  "data": {
    "message": "Unexpected server error. Check server logs for details.",
    "ref": "err_6e40492b"
  }
}
===== ANALYST laguna 2026-09-05 00:18:43 UTC =====
[91m[1mError: [0m{
  "name": "UnknownError",
  "data": {
    "message": "Unexpected server error. Check server logs for details.",
    "ref": "err_d98d6fd5"
  }
}
===== ANALYST laguna 2026-09-05 04:44:49 UTC =====
[91m[1mError: [0m{
  "name": "UnknownError",
  "data": {
    "message": "Unexpected server error. Check server logs for details.",
    "ref": "err_f9c8129e"
  }
}
===== ANALYST laguna 2026-09-05 08:42:00 UTC =====
[91m[1mError: [0m{
  "name": "UnknownError",
  "data": {
    "message": "Unexpected server error. Check server logs for details.",
    "ref": "err_500842a5"
  }
}
===== ANALYST laguna 2026-09-05 12:09:45 UTC =====
[91m[1mError: [0m{
  "name": "UnknownError",
  "data": {
    "message": "Unexpected server error. Check server logs for details.",
    "ref": "err_c7afd1ae"
  }
}
===== ANALYST laguna 2026-09-05 15:31:48 UTC =====
[91m[1mError: [0m{
  "name": "UnknownError",
  "data": {
    "message": "Unexpected server error. Check server logs for details.",
    "ref": "err_12f20d8f"
  }
}
===== ANALYST laguna 2026-09-05 17:50:12 UTC =====
[91m[1mError: [0m{
  "name": "UnknownError",
  "data": {
    "message": "Unexpected server error. Check server logs for details.",
    "ref": "err_1612cf2d"
  }
}
===== ANALYST laguna 2026-09-05 19:35:24 UTC =====
[91m[1mError: [0m{
  "name": "UnknownError",
  "data": {
    "message": "Unexpected server error. Check server logs for details.",
    "ref": "err_9cce8548"
  }
}
===== ANALYST laguna 2026-09-05 21:57:47 UTC =====
[91m[1mError: [0m{
  "name": "UnknownError",
  "data": {
    "message": "Unexpected server error. Check server logs for details.",
    "ref": "err_ac2dd276"
  }
}
===== ANALYST laguna 2026-09-06 03:56:36 UTC =====
[91m[1mError: [0m{
  "name": "UnknownError",
  "data": {
    "message": "Unexpected server error. Check server logs for details.",
    "ref": "err_5e2bc8ef"
  }
}
===== ANALYST laguna 2026-09-06 08:43:18 UTC =====
[91m[1mError: [0m{
  "name": "UnknownError",
  "data": {
    "message": "Unexpected server error. Check server logs for details.",
    "ref": "err_4d80e4cf"
  }
}
===== ANALYST laguna 2026-09-06 12:28:37 UTC =====
[91m[1mError: [0m{
  "name": "UnknownError",
  "data": {
    "message": "Unexpected server error. Check server logs for details.",
    "ref": "err_e99ad9a6"
  }
}
===== ANALYST laguna 2026-09-06 15:44:54 UTC =====
[91m[1mError: [0m{
  "name": "UnknownError",
  "data": {
    "message": "Unexpected server error. Check server logs for details.",
    "ref": "err_98b4fbbb"
  }
}
===== ANALYST laguna 2026-09-06 17:59:32 UTC =====
[91m[1mError: [0m{
  "name": "UnknownError",
  "data": {
    "message": "Unexpected server error. Check server logs for details.",
    "ref": "err_e3985783"
  }
}
===== ANALYST laguna 2026-09-06 20:20:28 UTC =====
[91m[1mError: [0m{
  "name": "UnknownError",
  "data": {
    "message": "Unexpected server error. Check server logs for details.",
    "ref": "err_2965e1b2"
  }
}
===== ANALYST laguna 2026-09-06 22:13:06 UTC =====
[91m[1mError: [0m{
  "name": "UnknownError",
  "data": {
    "message": "Unexpected server error. Check server logs for details.",
    "ref": "err_77c761a5"
  }
}
===== ANALYST laguna 2026-09-07 00:06:54 UTC =====
[91m[1mError: [0m{
  "name": "UnknownError",
  "data": {
    "message": "Unexpected server error. Check server logs for details.",
    "ref": "err_06abdbc7"
  }
}
===== ANALYST laguna 2026-09-07 04:58:12 UTC =====
[91m[1mError: [0m{
  "name": "UnknownError",
  "data": {
    "message": "Unexpected server error. Check server logs for details.",
    "ref": "err_c6ef5090"
  }
}
===== ANALYST laguna 2026-09-07 10:14:17 UTC =====
[91m[1mError: [0m{
  "name": "UnknownError",
  "data": {
    "message": "Unexpected server error. Check server logs for details.",
    "ref": "err_0ac25313"
  }
}
===== ANALYST laguna 2026-09-07 16:03:12 UTC =====
[91m[1mError: [0m{
  "name": "UnknownError",
  "data": {
    "message": "Unexpected server error. Check server logs for details.",
    "ref": "err_6363ac4e"
  }
}
===== ANALYST laguna 2026-09-07 19:51:51 UTC =====
[91m[1mError: [0m{
  "name": "UnknownError",
  "data": {
    "message": "Unexpected server error. Check server logs for details.",
    "ref": "err_cd4ebb17"
  }
}
===== ANALYST laguna 2026-09-07 22:43:03 UTC =====
[91m[1mError: [0m{
  "name": "UnknownError",
  "data": {
    "message": "Unexpected server error. Check server logs for details.",
    "ref": "err_5170d831"
  }
}
===== ANALYST laguna 2026-09-08 00:44:14 UTC =====
[91m[1mError: [0m{
  "name": "UnknownError",
  "data": {
    "message": "Unexpected server error. Check server logs for details.",
    "ref": "err_6f7cd66f"
  }
}
===== ANALYST laguna 2026-09-08 05:51:14 UTC =====
[91m[1mError: [0m{
  "name": "UnknownError",
  "data": {
    "message": "Unexpected server error. Check server logs for details.",
    "ref": "err_9dd8cdf1"
  }
}
===== ANALYST laguna 2026-09-08 11:01:01 UTC =====
[91m[1mError: [0m{
  "name": "UnknownError",
  "data": {
    "message": "Unexpected server error. Check server logs for details.",
    "ref": "err_44d90c3b"
  }
}
===== ANALYST laguna 2026-09-08 15:08:55 UTC =====
[91m[1mError: [0m{
  "name": "UnknownError",
  "data": {
    "message": "Unexpected server error. Check server logs for details.",
    "ref": "err_e8ff6cad"
  }
}
===== ANALYST laguna 2026-09-08 18:50:36 UTC =====
[91m[1mError: [0m{
  "name": "UnknownError",
  "data": {
    "message": "Unexpected server error. Check server logs for details.",
    "ref": "err_551bb9af"
  }
}
===== ANALYST laguna 2026-09-08 21:48:25 UTC =====
[91m[1mError: [0m{
  "name": "UnknownError",
  "data": {
    "message": "Unexpected server error. Check server logs for details.",
    "ref": "err_b10def76"
  }
}
===== ANALYST laguna 2026-09-09 00:00:33 UTC =====
[91m[1mError: [0m{
  "name": "UnknownError",
  "data": {
    "message": "Unexpected server error. Check server logs for details.",
    "ref": "err_b22f977a"
  }
}
===== ANALYST laguna 2026-09-09 04:32:30 UTC =====
[91m[1mError: [0m{
  "name": "UnknownError",
  "data": {
    "message": "Unexpected server error. Check server logs for details.",
    "ref": "err_d8cbd26c"
  }
}
===== ANALYST laguna 2026-09-09 09:16:01 UTC =====
[91m[1mError: [0m{
  "name": "UnknownError",
  "data": {
    "message": "Unexpected server error. Check server logs for details.",
    "ref": "err_ce7b8d48"
  }
}
===== ANALYST laguna 2026-09-09 13:52:59 UTC =====
[91m[1mError: [0m{
  "name": "UnknownError",
  "data": {
    "message": "Unexpected server error. Check server logs for details.",
    "ref": "err_af7e1370"
  }
}
===== ANALYST laguna 2026-09-09 17:45:28 UTC =====
[91m[1mError: [0m{
  "name": "UnknownError",
  "data": {
    "message": "Unexpected server error. Check server logs for details.",
    "ref": "err_33529c69"
  }
}
===== ANALYST laguna 2026-09-09 20:51:36 UTC =====
[91m[1mError: [0m{
  "name": "UnknownError",
  "data": {
    "message": "Unexpected server error. Check server logs for details.",
    "ref": "err_b3561109"
  }
}
===== ANALYST laguna 2026-09-09 23:16:22 UTC =====
[91m[1mError: [0m{
  "name": "UnknownError",
  "data": {
    "message": "Unexpected server error. Check server logs for details.",
    "ref": "err_f4749b19"
  }
}
===== ANALYST laguna 2026-09-10 01:15:21 UTC =====
[91m[1mError: [0m{
  "name": "UnknownError",
  "data": {
    "message": "Unexpected server error. Check server logs for details.",
    "ref": "err_c5fac571"
  }
}
===== ANALYST laguna 2026-09-10 06:14:18 UTC =====
[91m[1mError: [0m{
  "name": "UnknownError",
  "data": {
    "message": "Unexpected server error. Check server logs for details.",
    "ref": "err_779a1a48"
  }
}
===== ANALYST laguna 2026-09-10 11:41:55 UTC =====
[91m[1mError: [0m{
  "name": "UnknownError",
  "data": {
    "message": "Unexpected server error. Check server logs for details.",
    "ref": "err_65cc2cb4"
  }
}
===== ANALYST laguna 2026-09-10 15:18:22 UTC =====
[91m[1mError: [0m{
  "name": "UnknownError",
  "data": {
    "message": "Unexpected server error. Check server logs for details.",
    "ref": "err_8e2df698"
  }
}
===== ANALYST laguna 2026-09-10 18:39:31 UTC =====
[91m[1mError: [0m{
  "name": "UnknownError",
  "data": {
    "message": "Unexpected server error. Check server logs for details.",
    "ref": "err_b95ff5c9"
  }
}
===== ANALYST laguna 2026-09-10 21:15:35 UTC =====
[91m[1mError: [0m{
  "name": "UnknownError",
  "data": {
    "message": "Unexpected server error. Check server logs for details.",
    "ref": "err_ea185f12"
  }
}
===== ANALYST laguna 2026-09-10 23:16:19 UTC =====
[91m[1mError: [0m{
  "name": "UnknownError",
  "data": {
    "message": "Unexpected server error. Check server logs for details.",
    "ref": "err_b55168a4"
  }
}
===== ANALYST laguna 2026-09-11 01:16:10 UTC =====
[91m[1mError: [0m{
  "name": "UnknownError",
  "data": {
    "message": "Unexpected server error. Check server logs for details.",
    "ref": "err_2c1863b1"
  }
}
===== ANALYST laguna 2026-09-11 06:17:00 UTC =====
[91m[1mError: [0m{
  "name": "UnknownError",
  "data": {
    "message": "Unexpected server error. Check server logs for details.",
    "ref": "err_aa7661a1"
  }
}
===== ANALYST laguna 2026-09-11 11:40:02 UTC =====
[91m[1mError: [0m{
  "name": "UnknownError",
  "data": {
    "message": "Unexpected server error. Check server logs for details.",
    "ref": "err_5c5318e5"
  }
}
===== ANALYST laguna 2026-09-11 15:22:00 UTC =====
[91m[1mError: [0m{
  "name": "UnknownError",
  "data": {
    "message": "Unexpected server error. Check server logs for details.",
    "ref": "err_e0e1cd15"
  }
}
===== ANALYST laguna 2026-09-11 18:45:46 UTC =====
[91m[1mError: [0m{
  "name": "UnknownError",
  "data": {
    "message": "Unexpected server error. Check server logs for details.",
    "ref": "err_0fe2a057"
  }
}
===== ANALYST laguna 2026-09-11 21:23:14 UTC =====
[91m[1mError: [0m{
  "name": "UnknownError",
  "data": {
    "message": "Unexpected server error. Check server logs for details.",
    "ref": "err_7d744391"
  }
}
===== ANALYST laguna 2026-09-11 23:34:27 UTC =====
[91m[1mError: [0m{
  "name": "UnknownError",
  "data": {
    "message": "Unexpected server error. Check server logs for details.",
    "ref": "err_3740e9c0"
  }
}
===== ANALYST laguna 2026-09-12 01:37:32 UTC =====
[91m[1mError: [0m{
  "name": "UnknownError",
  "data": {
    "message": "Unexpected server error. Check server logs for details.",
    "ref": "err_132775d5"
  }
}
===== ANALYST laguna 2026-09-12 06:32:29 UTC =====
[91m[1mError: [0m{
  "name": "UnknownError",
  "data": {
    "message": "Unexpected server error. Check server logs for details.",
    "ref": "err_46ccff1d"
  }
}
===== ANALYST laguna 2026-09-12 11:17:37 UTC =====
[91m[1mError: [0m{
  "name": "UnknownError",
  "data": {
    "message": "Unexpected server error. Check server logs for details.",
    "ref": "err_d3e8e54b"
  }
}
===== ANALYST laguna 2026-09-12 14:20:08 UTC =====
[91m[1mError: [0m{
  "name": "UnknownError",
  "data": {
    "message": "Unexpected server error. Check server logs for details.",
    "ref": "err_0a07ce7d"
  }
}
===== ANALYST laguna 2026-09-12 17:19:29 UTC =====
[91m[1mError: [0m{
  "name": "UnknownError",
  "data": {
    "message": "Unexpected server error. Check server logs for details.",
    "ref": "err_997aeb9f"
  }
}
===== ANALYST laguna 2026-09-12 19:30:54 UTC =====
[91m[1mError: [0m{
  "name": "UnknownError",
  "data": {
    "message": "Unexpected server error. Check server logs for details.",
    "ref": "err_4e121e28"
  }
}
===== ANALYST laguna 2026-09-12 21:44:40 UTC =====
[91m[1mError: [0m{
  "name": "UnknownError",
  "data": {
    "message": "Unexpected server error. Check server logs for details.",
    "ref": "err_5947e784"
  }
}
===== ANALYST laguna 2026-09-12 23:26:31 UTC =====
[91m[1mError: [0m{
  "name": "UnknownError",
  "data": {
    "message": "Unexpected server error. Check server logs for details.",
    "ref": "err_85f44d06"
  }
}
===== ANALYST laguna 2026-09-13 01:29:06 UTC =====
[91m[1mError: [0m{
  "name": "UnknownError",
  "data": {
    "message": "Unexpected server error. Check server logs for details.",
    "ref": "err_21ceb5b9"
  }
}
===== ANALYST laguna 2026-09-13 06:50:45 UTC =====
[91m[1mError: [0m{
  "name": "UnknownError",
  "data": {
    "message": "Unexpected server error. Check server logs for details.",
    "ref": "err_75e17b79"
  }
}
===== ANALYST laguna 2026-09-13 12:58:11 UTC =====
[91m[1mError: [0m{
  "name": "UnknownError",
  "data": {
    "message": "Unexpected server error. Check server logs for details.",
    "ref": "err_3abfe71c"
  }
}
===== ANALYST laguna 2026-09-13 16:50:07 UTC =====
[91m[1mError: [0m{
  "name": "UnknownError",
  "data": {
    "message": "Unexpected server error. Check server logs for details.",
    "ref": "err_5c9ca50a"
  }
}
===== ANALYST laguna 2026-09-13 19:14:48 UTC =====
[91m[1mError: [0m{
  "name": "UnknownError",
  "data": {
    "message": "Unexpected server error. Check server logs for details.",
    "ref": "err_304e504d"
  }
}
===== ANALYST laguna 2026-09-13 21:28:21 UTC =====
[91m[1mError: [0m{
  "name": "UnknownError",
  "data": {
    "message": "Unexpected server error. Check server logs for details.",
    "ref": "err_a2c89dd6"
  }
}
===== ANALYST laguna 2026-09-13 23:36:31 UTC =====
[91m[1mError: [0m{
  "name": "UnknownError",
  "data": {
    "message": "Unexpected server error. Check server logs for details.",
    "ref": "err_5ca0229c"
  }
}
===== ANALYST laguna 2026-09-14 01:44:19 UTC =====
[91m[1mError: [0m{
  "name": "UnknownError",
  "data": {
    "message": "Unexpected server error. Check server logs for details.",
    "ref": "err_8e2fa381"
  }
}
===== ANALYST laguna 2026-09-14 07:17:59 UTC =====
[91m[1mError: [0m{
  "name": "UnknownError",
  "data": {
    "message": "Unexpected server error. Check server logs for details.",
    "ref": "err_4bd925ed"
  }
}
===== ANALYST laguna 2026-09-14 14:18:51 UTC =====
[91m[1mError: [0m{
  "name": "UnknownError",
  "data": {
    "message": "Unexpected server error. Check server logs for details.",
    "ref": "err_012d8d4c"
  }
}
===== ANALYST laguna 2026-09-14 19:40:28 UTC =====
[91m[1mError: [0m{
  "name": "UnknownError",
  "data": {
    "message": "Unexpected server error. Check server logs for details.",
    "ref": "err_1ed352ff"
  }
}
===== ANALYST laguna 2026-09-14 22:48:44 UTC =====
[91m[1mError: [0m{
  "name": "UnknownError",
  "data": {
    "message": "Unexpected server error. Check server logs for details.",
    "ref": "err_fdcab77a"
  }
}
===== ANALYST laguna 2026-09-15 01:20:15 UTC =====
[91m[1mError: [0m{
  "name": "UnknownError",
  "data": {
    "message": "Unexpected server error. Check server logs for details.",
    "ref": "err_7493eaea"
  }
}
===== ANALYST laguna 2026-09-15 06:24:11 UTC =====
[91m[1mError: [0m{
  "name": "UnknownError",
  "data": {
    "message": "Unexpected server error. Check server logs for details.",
    "ref": "err_9314c69f"
  }
}
===== ANALYST laguna 2026-09-15 12:01:25 UTC =====
[91m[1mError: [0m{
  "name": "UnknownError",
  "data": {
    "message": "Unexpected server error. Check server logs for details.",
    "ref": "err_3b769ebd"
  }
}
===== ANALYST laguna 2026-09-15 16:42:27 UTC =====
[91m[1mError: [0m{
  "name": "UnknownError",
  "data": {
    "message": "Unexpected server error. Check server logs for details.",
    "ref": "err_59bcd3b0"
  }
}
===== ANALYST laguna 2026-09-15 19:58:35 UTC =====
[91m[1mError: [0m{
  "name": "UnknownError",
  "data": {
    "message": "Unexpected server error. Check server logs for details.",
    "ref": "err_bb143fbc"
  }
}
===== ANALYST laguna 2026-09-15 23:01:16 UTC =====
[91m[1mError: [0m{
  "name": "UnknownError",
  "data": {
    "message": "Unexpected server error. Check server logs for details.",
    "ref": "err_47461eea"
  }
}
===== ANALYST laguna 2026-09-16 01:17:15 UTC =====
[91m[1mError: [0m{
  "name": "UnknownError",
  "data": {
    "message": "Unexpected server error. Check server logs for details.",
    "ref": "err_85496721"
  }
}
===== ANALYST laguna 2026-09-16 06:15:13 UTC =====
[91m[1mError: [0m{
  "name": "UnknownError",
  "data": {
    "message": "Unexpected server error. Check server logs for details.",
    "ref": "err_a19dc0d0"
  }
}
===== ANALYST laguna 2026-09-16 11:52:09 UTC =====
[91m[1mError: [0m{
  "name": "UnknownError",
  "data": {
    "message": "Unexpected server error. Check server logs for details.",
    "ref": "err_31e7f7ec"
  }
}
===== ANALYST laguna 2026-09-16 16:37:36 UTC =====
[91m[1mError: [0m{
  "name": "UnknownError",
  "data": {
    "message": "Unexpected server error. Check server logs for details.",
    "ref": "err_b01575a6"
  }
}
===== ANALYST laguna 2026-09-16 20:03:07 UTC =====
[91m[1mError: [0m{
  "name": "UnknownError",
  "data": {
    "message": "Unexpected server error. Check server logs for details.",
    "ref": "err_33b512bd"
  }
}
===== ANALYST laguna 2026-09-16 22:48:32 UTC =====
[91m[1mError: [0m{
  "name": "UnknownError",
  "data": {
    "message": "Unexpected server error. Check server logs for details.",
    "ref": "err_a4b5b4ed"
  }
}
===== ANALYST laguna 2026-09-17 01:14:59 UTC =====
[91m[1mError: [0m{
  "name": "UnknownError",
  "data": {
    "message": "Unexpected server error. Check server logs for details.",
    "ref": "err_823536fd"
  }
}
===== ANALYST laguna 2026-09-17 06:21:24 UTC =====
[91m[1mError: [0m{
  "name": "UnknownError",
  "data": {
    "message": "Unexpected server error. Check server logs for details.",
    "ref": "err_2813a394"
  }
}
===== ANALYST laguna 2026-09-17 11:56:37 UTC =====
[91m[1mError: [0m{
  "name": "UnknownError",
  "data": {
    "message": "Unexpected server error. Check server logs for details.",
    "ref": "err_b2295459"
  }
}
===== ANALYST laguna 2026-09-17 16:41:21 UTC =====
[91m[1mError: [0m{
  "name": "UnknownError",
  "data": {
    "message": "Unexpected server error. Check server logs for details.",
    "ref": "err_c4b6b547"
  }
}
===== ANALYST laguna 2026-09-17 19:55:02 UTC =====
[91m[1mError: [0m{
  "name": "UnknownError",
  "data": {
    "message": "Unexpected server error. Check server logs for details.",
    "ref": "err_3a066475"
  }
}
===== ANALYST laguna 2026-09-17 22:47:33 UTC =====
[91m[1mError: [0m{
  "name": "UnknownError",
  "data": {
    "message": "Unexpected server error. Check server logs for details.",
    "ref": "err_e5e6aabb"
  }
}
===== ANALYST laguna 2026-09-18 01:12:01 UTC =====
[91m[1mError: [0m{
  "name": "UnknownError",
  "data": {
    "message": "Unexpected server error. Check server logs for details.",
    "ref": "err_9a8ac659"
  }
}
===== ANALYST laguna 2026-09-18 06:08:34 UTC =====
[91m[1mError: [0m{
  "name": "UnknownError",
  "data": {
    "message": "Unexpected server error. Check server logs for details.",
    "ref": "err_89a70fcf"
  }
}
===== ANALYST laguna 2026-09-18 11:38:39 UTC =====
[91m[1mError: [0m{
  "name": "UnknownError",
  "data": {
    "message": "Unexpected server error. Check server logs for details.",
    "ref": "err_894f34ba"
  }
}
===== ANALYST laguna 2026-09-18 15:16:13 UTC =====
[91m[1mError: [0m{
  "name": "UnknownError",
  "data": {
    "message": "Unexpected server error. Check server logs for details.",
    "ref": "err_33fc5b49"
  }
}
===== ANALYST laguna 2026-09-18 18:40:35 UTC =====
[91m[1mError: [0m{
  "name": "UnknownError",
  "data": {
    "message": "Unexpected server error. Check server logs for details.",
    "ref": "err_65142285"
  }
}
===== ANALYST laguna 2026-09-18 21:18:03 UTC =====
[91m[1mError: [0m{
  "name": "UnknownError",
  "data": {
    "message": "Unexpected server error. Check server logs for details.",
    "ref": "err_f31c413c"
  }
}
===== ANALYST laguna 2026-09-18 23:44:08 UTC =====
[91m[1mError: [0m{
  "name": "UnknownError",
  "data": {
    "message": "Unexpected server error. Check server logs for details.",
    "ref": "err_33661649"
  }
}
===== ANALYST laguna 2026-09-19 01:38:58 UTC =====
[91m[1mError: [0m{
  "name": "UnknownError",
  "data": {
    "message": "Unexpected server error. Check server logs for details.",
    "ref": "err_1d7d80ed"
  }
}
===== ANALYST laguna 2026-09-19 06:41:28 UTC =====
[91m[1mError: [0m{
  "name": "UnknownError",
  "data": {
    "message": "Unexpected server error. Check server logs for details.",
    "ref": "err_1dd764a7"
  }
}
===== ANALYST laguna 2026-09-19 11:36:10 UTC =====
[91m[1mError: [0m{
  "name": "UnknownError",
  "data": {
    "message": "Unexpected server error. Check server logs for details.",
    "ref": "err_d6e71e6e"
  }
}
===== ANALYST laguna 2026-09-19 14:54:17 UTC =====
[91m[1mError: [0m{
  "name": "UnknownError",
  "data": {
    "message": "Unexpected server error. Check server logs for details.",
    "ref": "err_812fe0f1"
  }
}
