===== ANALYST ling3 2026-09-03 17:33:15 UTC =====
[91m[1mError: [0m{
  "name": "UnknownError",
  "data": {
    "message": "Unexpected server error. Check server logs for details.",
    "ref": "err_a1c831e2"
  }
}
===== ANALYST ling3 2026-09-03 20:03:02 UTC =====
[91m[1mError: [0m{
  "name": "UnknownError",
  "data": {
    "message": "Unexpected server error. Check server logs for details.",
    "ref": "err_c9ad565c"
  }
}
===== ANALYST ling3 2026-09-03 22:32:24 UTC =====
[91m[1mError: [0m{
  "name": "UnknownError",
  "data": {
    "message": "Unexpected server error. Check server logs for details.",
    "ref": "err_84b3fd75"
  }
}
===== ANALYST ling3 2026-09-04 00:40:48 UTC =====
[91m[1mError: [0m{
  "name": "UnknownError",
  "data": {
    "message": "Unexpected server error. Check server logs for details.",
    "ref": "err_30fa427f"
  }
}
===== ANALYST ling3 2026-09-04 05:17:20 UTC =====
[91m[1mError: [0m{
  "name": "UnknownError",
  "data": {
    "message": "Unexpected server error. Check server logs for details.",
    "ref": "err_35f4df25"
  }
}
===== ANALYST ling3 2026-09-04 09:50:34 UTC =====
[91m[1mError: [0m{
  "name": "UnknownError",
  "data": {
    "message": "Unexpected server error. Check server logs for details.",
    "ref": "err_9557fbc3"
  }
}
===== ANALYST ling3 2026-09-04 14:17:33 UTC =====
[91m[1mError: [0m{
  "name": "UnknownError",
  "data": {
    "message": "Unexpected server error. Check server logs for details.",
    "ref": "err_d2451edb"
  }
}
===== ANALYST ling3 2026-09-04 17:50:53 UTC =====
[91m[1mError: [0m{
  "name": "UnknownError",
  "data": {
    "message": "Unexpected server error. Check server logs for details.",
    "ref": "err_0440b5b2"
  }
}
===== ANALYST ling3 2026-09-04 20:10:34 UTC =====
[91m[1mError: [0m{
  "name": "UnknownError",
  "data": {
    "message": "Unexpected server error. Check server logs for details.",
    "ref": "err_d7c257de"
  }
}
===== ANALYST ling3 2026-09-04 22:19:45 UTC =====
[91m[1mError: [0m{
  "name": "UnknownError",
  "data": {
    "message": "Unexpected server error. Check server logs for details.",
    "ref": "err_cf16e7f1"
  }
}
===== ANALYST ling3 2026-09-05 00:18:43 UTC =====
[91m[1mError: [0m{
  "name": "UnknownError",
  "data": {
    "message": "Unexpected server error. Check server logs for details.",
    "ref": "err_7c645e45"
  }
}
===== ANALYST ling3 2026-09-05 04:44:49 UTC =====
[91m[1mError: [0m{
  "name": "UnknownError",
  "data": {
    "message": "Unexpected server error. Check server logs for details.",
    "ref": "err_56fe55ad"
  }
}
===== ANALYST ling3 2026-09-05 08:42:00 UTC =====
[91m[1mError: [0m{
  "name": "UnknownError",
  "data": {
    "message": "Unexpected server error. Check server logs for details.",
    "ref": "err_e07232ea"
  }
}
===== ANALYST ling3 2026-09-05 12:09:45 UTC =====
[91m[1mError: [0m{
  "name": "UnknownError",
  "data": {
    "message": "Unexpected server error. Check server logs for details.",
    "ref": "err_7682cfc0"
  }
}
===== ANALYST ling3 2026-09-05 15:31:48 UTC =====
[91m[1mError: [0m{
  "name": "UnknownError",
  "data": {
    "message": "Unexpected server error. Check server logs for details.",
    "ref": "err_f1f087e8"
  }
}
===== ANALYST ling3 2026-09-05 17:50:12 UTC =====
[91m[1mError: [0m{
  "name": "UnknownError",
  "data": {
    "message": "Unexpected server error. Check server logs for details.",
    "ref": "err_52aca105"
  }
}
===== ANALYST ling3 2026-09-05 19:35:24 UTC =====
[91m[1mError: [0m{
  "name": "UnknownError",
  "data": {
    "message": "Unexpected server error. Check server logs for details.",
    "ref": "err_2d9ab947"
  }
}
===== ANALYST ling3 2026-09-05 21:57:47 UTC =====
[91m[1mError: [0m{
  "name": "UnknownError",
  "data": {
    "message": "Unexpected server error. Check server logs for details.",
    "ref": "err_dc8c8db5"
  }
}
===== ANALYST ling3 2026-09-06 03:56:36 UTC =====
[91m[1mError: [0m{
  "name": "UnknownError",
  "data": {
    "message": "Unexpected server error. Check server logs for details.",
    "ref": "err_0fe57a9e"
  }
}
===== ANALYST ling3 2026-09-06 08:43:18 UTC =====
[91m[1mError: [0m{
  "name": "UnknownError",
  "data": {
    "message": "Unexpected server error. Check server logs for details.",
    "ref": "err_2fd1ce9c"
  }
}
===== ANALYST ling3 2026-09-06 12:28:37 UTC =====
[91m[1mError: [0m{
  "name": "UnknownError",
  "data": {
    "message": "Unexpected server error. Check server logs for details.",
    "ref": "err_f129a617"
  }
}
===== ANALYST ling3 2026-09-06 15:44:54 UTC =====
[91m[1mError: [0m{
  "name": "UnknownError",
  "data": {
    "message": "Unexpected server error. Check server logs for details.",
    "ref": "err_aa4a6ea5"
  }
}
===== ANALYST ling3 2026-09-06 17:59:32 UTC =====
[91m[1mError: [0m{
  "name": "UnknownError",
  "data": {
    "message": "Unexpected server error. Check server logs for details.",
    "ref": "err_3f4d5a1a"
  }
}
===== ANALYST ling3 2026-09-06 20:20:28 UTC =====
[91m[1mError: [0m{
  "name": "UnknownError",
  "data": {
    "message": "Unexpected server error. Check server logs for details.",
    "ref": "err_7cee2ac1"
  }
}
===== ANALYST ling3 2026-09-06 22:13:06 UTC =====
[91m[1mError: [0m{
  "name": "UnknownError",
  "data": {
    "message": "Unexpected server error. Check server logs for details.",
    "ref": "err_60ad3433"
  }
}
===== ANALYST ling3 2026-09-07 00:06:54 UTC =====
[91m[1mError: [0m{
  "name": "UnknownError",
  "data": {
    "message": "Unexpected server error. Check server logs for details.",
    "ref": "err_168fbbe5"
  }
}
===== ANALYST ling3 2026-09-07 04:58:12 UTC =====
[91m[1mError: [0m{
  "name": "UnknownError",
  "data": {
    "message": "Unexpected server error. Check server logs for details.",
    "ref": "err_8038d024"
  }
}
===== ANALYST ling3 2026-09-07 10:14:17 UTC =====
[91m[1mError: [0m{
  "name": "UnknownError",
  "data": {
    "message": "Unexpected server error. Check server logs for details.",
    "ref": "err_c39ffbe8"
  }
}
===== ANALYST ling3 2026-09-07 16:03:12 UTC =====
[91m[1mError: [0m{
  "name": "UnknownError",
  "data": {
    "message": "Unexpected server error. Check server logs for details.",
    "ref": "err_a7e17387"
  }
}
===== ANALYST ling3 2026-09-07 19:51:51 UTC =====
[91m[1mError: [0m{
  "name": "UnknownError",
  "data": {
    "message": "Unexpected server error. Check server logs for details.",
    "ref": "err_1ec80d6a"
  }
}
===== ANALYST ling3 2026-09-07 22:43:03 UTC =====
[91m[1mError: [0m{
  "name": "UnknownError",
  "data": {
    "message": "Unexpected server error. Check server logs for details.",
    "ref": "err_72a47d72"
  }
}
===== ANALYST ling3 2026-09-08 00:44:14 UTC =====
[91m[1mError: [0m{
  "name": "UnknownError",
  "data": {
    "message": "Unexpected server error. Check server logs for details.",
    "ref": "err_9d40cbd0"
  }
}
===== ANALYST ling3 2026-09-08 05:51:14 UTC =====
[91m[1mError: [0m{
  "name": "UnknownError",
  "data": {
    "message": "Unexpected server error. Check server logs for details.",
    "ref": "err_80a00bbf"
  }
}
===== ANALYST ling3 2026-09-08 11:01:01 UTC =====
[91m[1mError: [0m{
  "name": "UnknownError",
  "data": {
    "message": "Unexpected server error. Check server logs for details.",
    "ref": "err_a3af5449"
  }
}
===== ANALYST ling3 2026-09-08 15:08:55 UTC =====
[91m[1mError: [0m{
  "name": "UnknownError",
  "data": {
    "message": "Unexpected server error. Check server logs for details.",
    "ref": "err_3241b2fb"
  }
}
===== ANALYST ling3 2026-09-08 18:50:36 UTC =====
[91m[1mError: [0m{
  "name": "UnknownError",
  "data": {
    "message": "Unexpected server error. Check server logs for details.",
    "ref": "err_87405317"
  }
}
===== ANALYST ling3 2026-09-08 21:48:25 UTC =====
[91m[1mError: [0m{
  "name": "UnknownError",
  "data": {
    "message": "Unexpected server error. Check server logs for details.",
    "ref": "err_566fb02a"
  }
}
===== ANALYST ling3 2026-09-09 00:00:33 UTC =====
[91m[1mError: [0m{
  "name": "UnknownError",
  "data": {
    "message": "Unexpected server error. Check server logs for details.",
    "ref": "err_0c1b12fb"
  }
}
===== ANALYST ling3 2026-09-09 04:32:30 UTC =====
[91m[1mError: [0m{
  "name": "UnknownError",
  "data": {
    "message": "Unexpected server error. Check server logs for details.",
    "ref": "err_183fd5aa"
  }
}
===== ANALYST ling3 2026-09-09 09:16:01 UTC =====
[91m[1mError: [0m{
  "name": "UnknownError",
  "data": {
    "message": "Unexpected server error. Check server logs for details.",
    "ref": "err_ebd7333b"
  }
}
===== ANALYST ling3 2026-09-09 13:52:59 UTC =====
[91m[1mError: [0m{
  "name": "UnknownError",
  "data": {
    "message": "Unexpected server error. Check server logs for details.",
    "ref": "err_de296b64"
  }
}
===== ANALYST ling3 2026-09-09 17:45:28 UTC =====
[91m[1mError: [0m{
  "name": "UnknownError",
  "data": {
    "message": "Unexpected server error. Check server logs for details.",
    "ref": "err_8a257621"
  }
}
===== ANALYST ling3 2026-09-09 20:51:36 UTC =====
[91m[1mError: [0m{
  "name": "UnknownError",
  "data": {
    "message": "Unexpected server error. Check server logs for details.",
    "ref": "err_1fc9ce06"
  }
}
===== ANALYST ling3 2026-09-09 23:16:22 UTC =====
[91m[1mError: [0m{
  "name": "UnknownError",
  "data": {
    "message": "Unexpected server error. Check server logs for details.",
    "ref": "err_8624e492"
  }
}
===== ANALYST ling3 2026-09-10 01:15:21 UTC =====
[91m[1mError: [0m{
  "name": "UnknownError",
  "data": {
    "message": "Unexpected server error. Check server logs for details.",
    "ref": "err_c8338b92"
  }
}
===== ANALYST ling3 2026-09-10 06:14:18 UTC =====
[91m[1mError: [0m{
  "name": "UnknownError",
  "data": {
    "message": "Unexpected server error. Check server logs for details.",
    "ref": "err_22d77892"
  }
}
===== ANALYST ling3 2026-09-10 11:41:55 UTC =====
[91m[1mError: [0m{
  "name": "UnknownError",
  "data": {
    "message": "Unexpected server error. Check server logs for details.",
    "ref": "err_1156519d"
  }
}
===== ANALYST ling3 2026-09-10 15:18:22 UTC =====
[91m[1mError: [0m{
  "name": "UnknownError",
  "data": {
    "message": "Unexpected server error. Check server logs for details.",
    "ref": "err_ea78ee4e"
  }
}
===== ANALYST ling3 2026-09-10 18:39:31 UTC =====
[91m[1mError: [0m{
  "name": "UnknownError",
  "data": {
    "message": "Unexpected server error. Check server logs for details.",
    "ref": "err_650730f1"
  }
}
===== ANALYST ling3 2026-09-10 21:15:35 UTC =====
[91m[1mError: [0m{
  "name": "UnknownError",
  "data": {
    "message": "Unexpected server error. Check server logs for details.",
    "ref": "err_b0dde4c9"
  }
}
===== ANALYST ling3 2026-09-10 23:16:19 UTC =====
[91m[1mError: [0m{
  "name": "UnknownError",
  "data": {
    "message": "Unexpected server error. Check server logs for details.",
    "ref": "err_268e7b32"
  }
}
===== ANALYST ling3 2026-09-11 01:16:10 UTC =====
[91m[1mError: [0m{
  "name": "UnknownError",
  "data": {
    "message": "Unexpected server error. Check server logs for details.",
    "ref": "err_0e65b6cf"
  }
}
===== ANALYST ling3 2026-09-11 06:17:00 UTC =====
[91m[1mError: [0m{
  "name": "UnknownError",
  "data": {
    "message": "Unexpected server error. Check server logs for details.",
    "ref": "err_461d8c2b"
  }
}
===== ANALYST ling3 2026-09-11 11:40:02 UTC =====
[91m[1mError: [0m{
  "name": "UnknownError",
  "data": {
    "message": "Unexpected server error. Check server logs for details.",
    "ref": "err_753914c6"
  }
}
===== ANALYST ling3 2026-09-11 15:22:00 UTC =====
[91m[1mError: [0m{
  "name": "UnknownError",
  "data": {
    "message": "Unexpected server error. Check server logs for details.",
    "ref": "err_66c2db7e"
  }
}
===== ANALYST ling3 2026-09-11 18:45:46 UTC =====
[91m[1mError: [0m{
  "name": "UnknownError",
  "data": {
    "message": "Unexpected server error. Check server logs for details.",
    "ref": "err_ae685912"
  }
}
===== ANALYST ling3 2026-09-11 21:23:14 UTC =====
[91m[1mError: [0m{
  "name": "UnknownError",
  "data": {
    "message": "Unexpected server error. Check server logs for details.",
    "ref": "err_87e8f5c7"
  }
}
===== ANALYST ling3 2026-09-11 23:34:27 UTC =====
[91m[1mError: [0m{
  "name": "UnknownError",
  "data": {
    "message": "Unexpected server error. Check server logs for details.",
    "ref": "err_cf6447b5"
  }
}
===== ANALYST ling3 2026-09-12 01:37:32 UTC =====
[91m[1mError: [0m{
  "name": "UnknownError",
  "data": {
    "message": "Unexpected server error. Check server logs for details.",
    "ref": "err_e99742e1"
  }
}
===== ANALYST ling3 2026-09-12 06:32:29 UTC =====
[91m[1mError: [0m{
  "name": "UnknownError",
  "data": {
    "message": "Unexpected server error. Check server logs for details.",
    "ref": "err_d2b0fb62"
  }
}
===== ANALYST ling3 2026-09-12 11:17:37 UTC =====
[91m[1mError: [0m{
  "name": "UnknownError",
  "data": {
    "message": "Unexpected server error. Check server logs for details.",
    "ref": "err_0f06117d"
  }
}
===== ANALYST ling3 2026-09-12 14:20:08 UTC =====
[91m[1mError: [0m{
  "name": "UnknownError",
  "data": {
    "message": "Unexpected server error. Check server logs for details.",
    "ref": "err_1f05940f"
  }
}
===== ANALYST ling3 2026-09-12 17:19:29 UTC =====
[91m[1mError: [0m{
  "name": "UnknownError",
  "data": {
    "message": "Unexpected server error. Check server logs for details.",
    "ref": "err_1945ca41"
  }
}
===== ANALYST ling3 2026-09-12 19:30:54 UTC =====
[91m[1mError: [0m{
  "name": "UnknownError",
  "data": {
    "message": "Unexpected server error. Check server logs for details.",
    "ref": "err_6932732a"
  }
}
===== ANALYST ling3 2026-09-12 21:44:40 UTC =====
[91m[1mError: [0m{
  "name": "UnknownError",
  "data": {
    "message": "Unexpected server error. Check server logs for details.",
    "ref": "err_45901c9f"
  }
}
===== ANALYST ling3 2026-09-12 23:26:31 UTC =====
[91m[1mError: [0m{
  "name": "UnknownError",
  "data": {
    "message": "Unexpected server error. Check server logs for details.",
    "ref": "err_63abba27"
  }
}
===== ANALYST ling3 2026-09-13 01:29:06 UTC =====
[91m[1mError: [0m{
  "name": "UnknownError",
  "data": {
    "message": "Unexpected server error. Check server logs for details.",
    "ref": "err_cbd2288b"
  }
}
===== ANALYST ling3 2026-09-13 06:50:45 UTC =====
[91m[1mError: [0m{
  "name": "UnknownError",
  "data": {
    "message": "Unexpected server error. Check server logs for details.",
    "ref": "err_0bdc9fc7"
  }
}
===== ANALYST ling3 2026-09-13 12:58:11 UTC =====
[91m[1mError: [0m{
  "name": "UnknownError",
  "data": {
    "message": "Unexpected server error. Check server logs for details.",
    "ref": "err_28783a87"
  }
}
===== ANALYST ling3 2026-09-13 16:50:07 UTC =====
[91m[1mError: [0m{
  "name": "UnknownError",
  "data": {
    "message": "Unexpected server error. Check server logs for details.",
    "ref": "err_4c77b51b"
  }
}
===== ANALYST ling3 2026-09-13 19:14:48 UTC =====
[91m[1mError: [0m{
  "name": "UnknownError",
  "data": {
    "message": "Unexpected server error. Check server logs for details.",
    "ref": "err_71e0b8e2"
  }
}
===== ANALYST ling3 2026-09-13 21:28:21 UTC =====
[91m[1mError: [0m{
  "name": "UnknownError",
  "data": {
    "message": "Unexpected server error. Check server logs for details.",
    "ref": "err_71bc3c20"
  }
}
===== ANALYST ling3 2026-09-13 23:36:31 UTC =====
[91m[1mError: [0m{
  "name": "UnknownError",
  "data": {
    "message": "Unexpected server error. Check server logs for details.",
    "ref": "err_7ea3cdf7"
  }
}
===== ANALYST ling3 2026-09-14 01:44:19 UTC =====
[91m[1mError: [0m{
  "name": "UnknownError",
  "data": {
    "message": "Unexpected server error. Check server logs for details.",
    "ref": "err_ef62fc60"
  }
}
===== ANALYST ling3 2026-09-14 07:17:59 UTC =====
[91m[1mError: [0m{
  "name": "UnknownError",
  "data": {
    "message": "Unexpected server error. Check server logs for details.",
    "ref": "err_d87351a5"
  }
}
===== ANALYST ling3 2026-09-14 14:18:51 UTC =====
[91m[1mError: [0m{
  "name": "UnknownError",
  "data": {
    "message": "Unexpected server error. Check server logs for details.",
    "ref": "err_c08b9338"
  }
}
===== ANALYST ling3 2026-09-14 19:40:28 UTC =====
[91m[1mError: [0m{
  "name": "UnknownError",
  "data": {
    "message": "Unexpected server error. Check server logs for details.",
    "ref": "err_ce0ddc8f"
  }
}
===== ANALYST ling3 2026-09-14 22:48:44 UTC =====
[91m[1mError: [0m{
  "name": "UnknownError",
  "data": {
    "message": "Unexpected server error. Check server logs for details.",
    "ref": "err_874c823b"
  }
}
===== ANALYST ling3 2026-09-15 01:20:15 UTC =====
[91m[1mError: [0m{
  "name": "UnknownError",
  "data": {
    "message": "Unexpected server error. Check server logs for details.",
    "ref": "err_bb502e08"
  }
}
===== ANALYST ling3 2026-09-15 06:24:11 UTC =====
[91m[1mError: [0m{
  "name": "UnknownError",
  "data": {
    "message": "Unexpected server error. Check server logs for details.",
    "ref": "err_497d606b"
  }
}
===== ANALYST ling3 2026-09-15 12:01:25 UTC =====
[91m[1mError: [0m{
  "name": "UnknownError",
  "data": {
    "message": "Unexpected server error. Check server logs for details.",
    "ref": "err_557ae6ab"
  }
}
===== ANALYST ling3 2026-09-15 16:42:27 UTC =====
[91m[1mError: [0m{
  "name": "UnknownError",
  "data": {
    "message": "Unexpected server error. Check server logs for details.",
    "ref": "err_20d7e133"
  }
}
===== ANALYST ling3 2026-09-15 19:58:35 UTC =====
[91m[1mError: [0m{
  "name": "UnknownError",
  "data": {
    "message": "Unexpected server error. Check server logs for details.",
    "ref": "err_063e661b"
  }
}
===== ANALYST ling3 2026-09-15 23:01:16 UTC =====
[91m[1mError: [0m{
  "name": "UnknownError",
  "data": {
    "message": "Unexpected server error. Check server logs for details.",
    "ref": "err_c128d103"
  }
}
===== ANALYST ling3 2026-09-16 01:17:15 UTC =====
[91m[1mError: [0m{
  "name": "UnknownError",
  "data": {
    "message": "Unexpected server error. Check server logs for details.",
    "ref": "err_13c40b95"
  }
}
===== ANALYST ling3 2026-09-16 06:15:13 UTC =====
[91m[1mError: [0m{
  "name": "UnknownError",
  "data": {
    "message": "Unexpected server error. Check server logs for details.",
    "ref": "err_f2a332b5"
  }
}
===== ANALYST ling3 2026-09-16 11:52:09 UTC =====
[91m[1mError: [0m{
  "name": "UnknownError",
  "data": {
    "message": "Unexpected server error. Check server logs for details.",
    "ref": "err_cf221653"
  }
}
===== ANALYST ling3 2026-09-16 16:37:36 UTC =====
[91m[1mError: [0m{
  "name": "UnknownError",
  "data": {
    "message": "Unexpected server error. Check server logs for details.",
    "ref": "err_0f5f9bff"
  }
}
===== ANALYST ling3 2026-09-16 20:03:07 UTC =====
[91m[1mError: [0m{
  "name": "UnknownError",
  "data": {
    "message": "Unexpected server error. Check server logs for details.",
    "ref": "err_1bb98df6"
  }
}
===== ANALYST ling3 2026-09-16 22:48:32 UTC =====
[91m[1mError: [0m{
  "name": "UnknownError",
  "data": {
    "message": "Unexpected server error. Check server logs for details.",
    "ref": "err_7109aae3"
  }
}
===== ANALYST ling3 2026-09-17 01:14:59 UTC =====
[91m[1mError: [0m{
  "name": "UnknownError",
  "data": {
    "message": "Unexpected server error. Check server logs for details.",
    "ref": "err_dc744bf1"
  }
}
===== ANALYST ling3 2026-09-17 06:21:24 UTC =====
[91m[1mError: [0m{
  "name": "UnknownError",
  "data": {
    "message": "Unexpected server error. Check server logs for details.",
    "ref": "err_6b5525be"
  }
}
===== ANALYST ling3 2026-09-17 11:56:37 UTC =====
[91m[1mError: [0m{
  "name": "UnknownError",
  "data": {
    "message": "Unexpected server error. Check server logs for details.",
    "ref": "err_9ba84bd8"
  }
}
===== ANALYST ling3 2026-09-17 16:41:21 UTC =====
[91m[1mError: [0m{
  "name": "UnknownError",
  "data": {
    "message": "Unexpected server error. Check server logs for details.",
    "ref": "err_5ada35db"
  }
}
===== ANALYST ling3 2026-09-17 19:55:02 UTC =====
[91m[1mError: [0m{
  "name": "UnknownError",
  "data": {
    "message": "Unexpected server error. Check server logs for details.",
    "ref": "err_9435dfc4"
  }
}
===== ANALYST ling3 2026-09-17 22:47:33 UTC =====
[91m[1mError: [0m{
  "name": "UnknownError",
  "data": {
    "message": "Unexpected server error. Check server logs for details.",
    "ref": "err_91074453"
  }
}
===== ANALYST ling3 2026-09-18 01:12:01 UTC =====
[91m[1mError: [0m{
  "name": "UnknownError",
  "data": {
    "message": "Unexpected server error. Check server logs for details.",
    "ref": "err_f21d9b4f"
  }
}
===== ANALYST ling3 2026-09-18 06:08:34 UTC =====
[91m[1mError: [0m{
  "name": "UnknownError",
  "data": {
    "message": "Unexpected server error. Check server logs for details.",
    "ref": "err_18b284c1"
  }
}
===== ANALYST ling3 2026-09-18 11:38:39 UTC =====
[91m[1mError: [0m{
  "name": "UnknownError",
  "data": {
    "message": "Unexpected server error. Check server logs for details.",
    "ref": "err_282a53eb"
  }
}
===== ANALYST ling3 2026-09-18 15:16:13 UTC =====
[91m[1mError: [0m{
  "name": "UnknownError",
  "data": {
    "message": "Unexpected server error. Check server logs for details.",
    "ref": "err_1d3adcc3"
  }
}
===== ANALYST ling3 2026-09-18 18:40:35 UTC =====
[91m[1mError: [0m{
  "name": "UnknownError",
  "data": {
    "message": "Unexpected server error. Check server logs for details.",
    "ref": "err_f4a73abd"
  }
}
===== ANALYST ling3 2026-09-18 21:18:03 UTC =====
[91m[1mError: [0m{
  "name": "UnknownError",
  "data": {
    "message": "Unexpected server error. Check server logs for details.",
    "ref": "err_db0a16d9"
  }
}
===== ANALYST ling3 2026-09-18 23:44:08 UTC =====
[91m[1mError: [0m{
  "name": "UnknownError",
  "data": {
    "message": "Unexpected server error. Check server logs for details.",
    "ref": "err_1c2dfd34"
  }
}
===== ANALYST ling3 2026-09-19 01:38:58 UTC =====
[91m[1mError: [0m{
  "name": "UnknownError",
  "data": {
    "message": "Unexpected server error. Check server logs for details.",
    "ref": "err_28d2deee"
  }
}
===== ANALYST ling3 2026-09-19 06:41:28 UTC =====
[91m[1mError: [0m{
  "name": "UnknownError",
  "data": {
    "message": "Unexpected server error. Check server logs for details.",
    "ref": "err_4e164c84"
  }
}
