===== ANALYST longcat 2026-09-03 17:33:15 UTC =====
[91m[1mError: [0m{
  "name": "UnknownError",
  "data": {
    "message": "Unexpected server error. Check server logs for details.",
    "ref": "err_3dc72bf8"
  }
}
===== ANALYST longcat 2026-09-03 20:03:02 UTC =====
[91m[1mError: [0m{
  "name": "UnknownError",
  "data": {
    "message": "Unexpected server error. Check server logs for details.",
    "ref": "err_b087484b"
  }
}
===== ANALYST longcat 2026-09-03 22:32:24 UTC =====
[91m[1mError: [0m{
  "name": "UnknownError",
  "data": {
    "message": "Unexpected server error. Check server logs for details.",
    "ref": "err_9b7a809c"
  }
}
===== ANALYST longcat 2026-09-04 00:40:48 UTC =====
[91m[1mError: [0m{
  "name": "UnknownError",
  "data": {
    "message": "Unexpected server error. Check server logs for details.",
    "ref": "err_96f420fa"
  }
}
===== ANALYST longcat 2026-09-04 05:17:20 UTC =====
[91m[1mError: [0m{
  "name": "UnknownError",
  "data": {
    "message": "Unexpected server error. Check server logs for details.",
    "ref": "err_f3bef991"
  }
}
===== ANALYST longcat 2026-09-04 09:50:34 UTC =====
[91m[1mError: [0m{
  "name": "UnknownError",
  "data": {
    "message": "Unexpected server error. Check server logs for details.",
    "ref": "err_6679b1ef"
  }
}
===== ANALYST longcat 2026-09-04 14:17:33 UTC =====
[91m[1mError: [0m{
  "name": "UnknownError",
  "data": {
    "message": "Unexpected server error. Check server logs for details.",
    "ref": "err_1ff3d362"
  }
}
===== ANALYST longcat 2026-09-04 17:50:53 UTC =====
[91m[1mError: [0m{
  "name": "UnknownError",
  "data": {
    "message": "Unexpected server error. Check server logs for details.",
    "ref": "err_4b051cd7"
  }
}
===== ANALYST longcat 2026-09-04 20:10:34 UTC =====
[91m[1mError: [0m{
  "name": "UnknownError",
  "data": {
    "message": "Unexpected server error. Check server logs for details.",
    "ref": "err_e9ca75dd"
  }
}
===== ANALYST longcat 2026-09-04 22:19:45 UTC =====
[91m[1mError: [0m{
  "name": "UnknownError",
  "data": {
    "message": "Unexpected server error. Check server logs for details.",
    "ref": "err_cda285e3"
  }
}
===== ANALYST longcat 2026-09-05 00:18:43 UTC =====
[91m[1mError: [0m{
  "name": "UnknownError",
  "data": {
    "message": "Unexpected server error. Check server logs for details.",
    "ref": "err_bd6e422b"
  }
}
===== ANALYST longcat 2026-09-05 04:44:49 UTC =====
[91m[1mError: [0m{
  "name": "UnknownError",
  "data": {
    "message": "Unexpected server error. Check server logs for details.",
    "ref": "err_2d4f027b"
  }
}
===== ANALYST longcat 2026-09-05 08:42:00 UTC =====
[91m[1mError: [0m{
  "name": "UnknownError",
  "data": {
    "message": "Unexpected server error. Check server logs for details.",
    "ref": "err_37dffde9"
  }
}
===== ANALYST longcat 2026-09-05 12:09:45 UTC =====
[91m[1mError: [0m{
  "name": "UnknownError",
  "data": {
    "message": "Unexpected server error. Check server logs for details.",
    "ref": "err_6916520d"
  }
}
===== ANALYST longcat 2026-09-05 15:31:48 UTC =====
[91m[1mError: [0m{
  "name": "UnknownError",
  "data": {
    "message": "Unexpected server error. Check server logs for details.",
    "ref": "err_2c42b91a"
  }
}
===== ANALYST longcat 2026-09-05 17:50:12 UTC =====
[91m[1mError: [0m{
  "name": "UnknownError",
  "data": {
    "message": "Unexpected server error. Check server logs for details.",
    "ref": "err_553fd0e7"
  }
}
===== ANALYST longcat 2026-09-05 19:35:24 UTC =====
[91m[1mError: [0m{
  "name": "UnknownError",
  "data": {
    "message": "Unexpected server error. Check server logs for details.",
    "ref": "err_a1a9ccd0"
  }
}
===== ANALYST longcat 2026-09-05 21:57:47 UTC =====
[91m[1mError: [0m{
  "name": "UnknownError",
  "data": {
    "message": "Unexpected server error. Check server logs for details.",
    "ref": "err_25ec1536"
  }
}
===== ANALYST longcat 2026-09-06 03:56:36 UTC =====
[91m[1mError: [0m{
  "name": "UnknownError",
  "data": {
    "message": "Unexpected server error. Check server logs for details.",
    "ref": "err_5cf61610"
  }
}
===== ANALYST longcat 2026-09-06 08:43:18 UTC =====
[91m[1mError: [0m{
  "name": "UnknownError",
  "data": {
    "message": "Unexpected server error. Check server logs for details.",
    "ref": "err_ab883016"
  }
}
===== ANALYST longcat 2026-09-06 12:28:37 UTC =====
[91m[1mError: [0m{
  "name": "UnknownError",
  "data": {
    "message": "Unexpected server error. Check server logs for details.",
    "ref": "err_1c7dd284"
  }
}
===== ANALYST longcat 2026-09-06 15:44:54 UTC =====
[91m[1mError: [0m{
  "name": "UnknownError",
  "data": {
    "message": "Unexpected server error. Check server logs for details.",
    "ref": "err_167d07b5"
  }
}
===== ANALYST longcat 2026-09-06 17:59:32 UTC =====
[91m[1mError: [0m{
  "name": "UnknownError",
  "data": {
    "message": "Unexpected server error. Check server logs for details.",
    "ref": "err_13b3838d"
  }
}
===== ANALYST longcat 2026-09-06 20:20:28 UTC =====
[91m[1mError: [0m{
  "name": "UnknownError",
  "data": {
    "message": "Unexpected server error. Check server logs for details.",
    "ref": "err_4b3b3e76"
  }
}
===== ANALYST longcat 2026-09-06 22:13:06 UTC =====
[91m[1mError: [0m{
  "name": "UnknownError",
  "data": {
    "message": "Unexpected server error. Check server logs for details.",
    "ref": "err_8bf67bd4"
  }
}
===== ANALYST longcat 2026-09-07 00:06:54 UTC =====
[91m[1mError: [0m{
  "name": "UnknownError",
  "data": {
    "message": "Unexpected server error. Check server logs for details.",
    "ref": "err_d24db444"
  }
}
===== ANALYST longcat 2026-09-07 04:58:12 UTC =====
[91m[1mError: [0m{
  "name": "UnknownError",
  "data": {
    "message": "Unexpected server error. Check server logs for details.",
    "ref": "err_0b120688"
  }
}
===== ANALYST longcat 2026-09-07 10:14:17 UTC =====
[91m[1mError: [0m{
  "name": "UnknownError",
  "data": {
    "message": "Unexpected server error. Check server logs for details.",
    "ref": "err_9c2f8386"
  }
}
===== ANALYST longcat 2026-09-07 16:03:12 UTC =====
[91m[1mError: [0m{
  "name": "UnknownError",
  "data": {
    "message": "Unexpected server error. Check server logs for details.",
    "ref": "err_0c69b87f"
  }
}
===== ANALYST longcat 2026-09-07 19:51:51 UTC =====
[91m[1mError: [0m{
  "name": "UnknownError",
  "data": {
    "message": "Unexpected server error. Check server logs for details.",
    "ref": "err_09bd0e0f"
  }
}
===== ANALYST longcat 2026-09-07 22:43:03 UTC =====
[91m[1mError: [0m{
  "name": "UnknownError",
  "data": {
    "message": "Unexpected server error. Check server logs for details.",
    "ref": "err_3bfc916c"
  }
}
===== ANALYST longcat 2026-09-08 00:44:14 UTC =====
[91m[1mError: [0m{
  "name": "UnknownError",
  "data": {
    "message": "Unexpected server error. Check server logs for details.",
    "ref": "err_12be4d74"
  }
}
===== ANALYST longcat 2026-09-08 05:51:14 UTC =====
[91m[1mError: [0m{
  "name": "UnknownError",
  "data": {
    "message": "Unexpected server error. Check server logs for details.",
    "ref": "err_e602fa4c"
  }
}
===== ANALYST longcat 2026-09-08 11:01:01 UTC =====
[91m[1mError: [0m{
  "name": "UnknownError",
  "data": {
    "message": "Unexpected server error. Check server logs for details.",
    "ref": "err_3f03031f"
  }
}
===== ANALYST longcat 2026-09-08 15:08:55 UTC =====
[91m[1mError: [0m{
  "name": "UnknownError",
  "data": {
    "message": "Unexpected server error. Check server logs for details.",
    "ref": "err_03d7bb1a"
  }
}
===== ANALYST longcat 2026-09-08 18:50:36 UTC =====
[91m[1mError: [0m{
  "name": "UnknownError",
  "data": {
    "message": "Unexpected server error. Check server logs for details.",
    "ref": "err_99788458"
  }
}
===== ANALYST longcat 2026-09-08 21:48:25 UTC =====
[91m[1mError: [0m{
  "name": "UnknownError",
  "data": {
    "message": "Unexpected server error. Check server logs for details.",
    "ref": "err_f59908fa"
  }
}
===== ANALYST longcat 2026-09-09 00:00:33 UTC =====
[91m[1mError: [0m{
  "name": "UnknownError",
  "data": {
    "message": "Unexpected server error. Check server logs for details.",
    "ref": "err_a18829a9"
  }
}
===== ANALYST longcat 2026-09-09 04:32:30 UTC =====
[91m[1mError: [0m{
  "name": "UnknownError",
  "data": {
    "message": "Unexpected server error. Check server logs for details.",
    "ref": "err_378d231f"
  }
}
===== ANALYST longcat 2026-09-09 09:16:01 UTC =====
[91m[1mError: [0m{
  "name": "UnknownError",
  "data": {
    "message": "Unexpected server error. Check server logs for details.",
    "ref": "err_3b4f508e"
  }
}
===== ANALYST longcat 2026-09-09 13:52:59 UTC =====
[91m[1mError: [0m{
  "name": "UnknownError",
  "data": {
    "message": "Unexpected server error. Check server logs for details.",
    "ref": "err_8dcf1d8e"
  }
}
===== ANALYST longcat 2026-09-09 17:45:28 UTC =====
[91m[1mError: [0m{
  "name": "UnknownError",
  "data": {
    "message": "Unexpected server error. Check server logs for details.",
    "ref": "err_c8c157da"
  }
}
===== ANALYST longcat 2026-09-09 20:51:36 UTC =====
[91m[1mError: [0m{
  "name": "UnknownError",
  "data": {
    "message": "Unexpected server error. Check server logs for details.",
    "ref": "err_9c6cb6d4"
  }
}
===== ANALYST longcat 2026-09-09 23:16:22 UTC =====
[91m[1mError: [0m{
  "name": "UnknownError",
  "data": {
    "message": "Unexpected server error. Check server logs for details.",
    "ref": "err_74c008e4"
  }
}
===== ANALYST longcat 2026-09-10 01:15:21 UTC =====
[91m[1mError: [0m{
  "name": "UnknownError",
  "data": {
    "message": "Unexpected server error. Check server logs for details.",
    "ref": "err_e2d9c144"
  }
}
===== ANALYST longcat 2026-09-10 06:14:18 UTC =====
[91m[1mError: [0m{
  "name": "UnknownError",
  "data": {
    "message": "Unexpected server error. Check server logs for details.",
    "ref": "err_4b1caeb8"
  }
}
===== ANALYST longcat 2026-09-10 11:41:55 UTC =====
[91m[1mError: [0m{
  "name": "UnknownError",
  "data": {
    "message": "Unexpected server error. Check server logs for details.",
    "ref": "err_d08598bd"
  }
}
===== ANALYST longcat 2026-09-10 15:18:22 UTC =====
[91m[1mError: [0m{
  "name": "UnknownError",
  "data": {
    "message": "Unexpected server error. Check server logs for details.",
    "ref": "err_82769e75"
  }
}
===== ANALYST longcat 2026-09-10 18:39:31 UTC =====
[91m[1mError: [0m{
  "name": "UnknownError",
  "data": {
    "message": "Unexpected server error. Check server logs for details.",
    "ref": "err_9d0c2357"
  }
}
===== ANALYST longcat 2026-09-10 21:15:35 UTC =====
[91m[1mError: [0m{
  "name": "UnknownError",
  "data": {
    "message": "Unexpected server error. Check server logs for details.",
    "ref": "err_45c1b47e"
  }
}
